
> invoice-dashboard@0.0.0 test
> vitest --run src/services/storageService.test.js


[1m[46m RUN [49m[22m [36mv4.0.17 [39m[90mC:/Users/lenovo/OneDrive/Desktop/Qiston_pe/invoice-dashboard[39m

 [31mΓ¥»[39m src/services/storageService.test.js [2m([22m[2m5 tests[22m[2m | [22m[31m5 failed[39m[2m)[22m[32m 71[2mms[22m[39m
[31m     [31m├ù[31m should save and load invoices correctly[39m[32m 8[2mms[22m[39m
[31m     [31m├ù[31m should return null when storage is empty[39m[32m 1[2mms[22m[39m
[31m     [31m├ù[31m should handle clearing invoices[39m[32m 1[2mms[22m[39m
[31m     [31m├ù[31m generateSampleInvoices should create valid invoices[39m[32m 1[2mms[22m[39m
[31m     [31m├ù[31m should satisfy Property 12: Data Persistence Round Trip[39m[32m 58[2mms[22m[39m
node.exe : 
At C:\Program Files\no
dejs\npm.ps1:29 char:3
+   & $NODE_EXE 
$NPM_CLI_JS $args
+   ~~~~~~~~~~~~~~~~~~
~~~~~~~~~~~
    + CategoryInfo    
          : NotSpeci  
  fied: (:String) [   
 ], RemoteExceptio    
n
    + FullyQualifiedE 
   rrorId : NativeCo  
  mmandError
 
[31mΓÄ»ΓÄ»ΓÄ»ΓÄ»ΓÄ»ΓÄ
»ΓÄ»[39m[1m[41m 
Failed Tests 5 [49m[
22m[31mΓÄ»ΓÄ»ΓÄ»ΓÄ»ΓÄ
»ΓÄ»ΓÄ»[39m

[41m[1m FAIL 
[22m[49m src/service
s/storageService.test.
js[2m > [22mStorage 
Service[2m > 
[22mshould save and 
load invoices 
correctly
[41m[1m FAIL 
[22m[49m src/service
s/storageService.test.
js[2m > [22mStorage 
Service[2m > 
[22mshould return 
null when storage is 
empty
[41m[1m FAIL 
[22m[49m src/service
s/storageService.test.
js[2m > [22mStorage 
Service[2m > 
[22mshould handle 
clearing invoices
[41m[1m FAIL 
[22m[49m src/service
s/storageService.test.
js[2m > [22mStorage 
Service[2m > [22mgen
erateSampleInvoices 
should create valid 
invoices
[41m[1m FAIL 
[22m[49m src/service
s/storageService.test.
js[2m > [22mStorage 
Service[2m > 
[22mshould satisfy 
Property 12: Data 
Persistence Round Trip
[31m[1mTypeError[22
m: __vite_ssr_import_0
__.vi.unstubGlobal is 
not a function[39m
[36m [2mΓ¥»[22m src
/services/storageServi
ce.test.js:[2m32:12[
22m[39m
    [90m 30| [39m
    [90m 31| [39m   
 [34mafterEach[39m((
) [33m=>[39m {
    [90m 32| [39m   
     vi[33m.[39m[34
munstubGlobal[39m([3
2m'localStorage'[39m)
[33m;[39m
    [90m   | [39m   
        [31m^[39m
    [90m 33| [39m   
 })[33m;[39m
    [90m 34| [39m

[31m[2mΓÄ»ΓÄ»ΓÄ»ΓÄ»Γ
Ä»ΓÄ»ΓÄ»ΓÄ»ΓÄ»ΓÄ»ΓÄ»ΓÄ
»ΓÄ»ΓÄ»ΓÄ»ΓÄ»ΓÄ»ΓÄ»ΓÄ»
ΓÄ»ΓÄ»ΓÄ»ΓÄ»ΓÄ»[1/6]ΓÄ
»[22m[39m

[41m[1m FAIL 
[22m[49m src/service
s/storageService.test.
js[2m > [22mStorage 
Service[2m > 
[22mshould satisfy 
Property 12: Data 
Persistence Round Trip
[31m[1mError[22m: 
Property failed after 
28 tests
{ seed: 1357713823, 
path: "27:1:1:1:2:2:24
:3:6:6:2:2:2:2:3:3:2:2
:2:3:2:2:2:2:2:2:4:4",
 endOnFailure: true }
Counterexample: 
[[{"customerName":" ",
"amount":1,"invoiceDat
e":new Date("+275760-0
8-14T00:00:00.001Z"),"
paymentTerms":30,"hasP
ayment":false}]]
Shrunk 27 time(s)

Hint: Enable verbose 
mode in order to have 
the list of all 
failing values 
encountered during 
the run[39m
[90m [2mΓ¥»[22m 
buildError node_module
s/fast-check/lib/check
/runner/utils/RunDetai
lsFormatter.js:[2m156
:19[22m[39m
[90m [2mΓ¥»[22m 
throwIfFailed node_mod
ules/fast-check/lib/ch
eck/runner/utils/RunDe
tailsFormatter.js:[2m
165:11[22m[39m
[90m [2mΓ¥»[22m 
reportRunDetails node_
modules/fast-check/lib
/check/runner/utils/Ru
nDetailsFormatter.js:
[2m178:16[22m[39m
[90m [2mΓ¥»[22m 
Module.assert node_mod
ules/fast-check/lib/ch
eck/runner/Runner.js:
[2m61:9[22m[39m
[36m [2mΓ¥»[22m src
/services/storageServi
ce.test.js:[2m76:12[
22m[39m
    [90m 74| [39m   
 [90m// Property 
Test 12: Data 
Persistence Round 
Trip[39m
    [90m 75| [39m   
 it('should satisfy 
Property 12: Data 
Persistence Round 
Trip', () =ΓÇª
    [90m 76| [39m   
     fc[33m.[39m[34
massert[39m(
    [90m   | [39m   
        [31m^[39m
    [90m 77| [39m   
         fc[33m.[39m
[34mproperty[39m(
    [90m 78| [39m   
             fc[33m.
[39m[34marray[39m(

[31m[1mCaused by: 
AssertionError[22m: 
expected +0 to be NaN 
// Object.is 
equality[39m

[32m- Expected[39m
[31m+ Received[39m

[32m- NaN[39m
[31m+ 0[39m

[36m [2mΓ¥»[22m src
/services/storageServi
ce.test.js:[2m112:61
[22m[39m
[90m [2mΓ¥»[22m src
/services/storageServi
ce.test.js:[2m108:39
[22m[39m
[90m [2mΓ¥»[22m 
Property.predicate nod
e_modules/fast-check/l
ib/check/property/Prop
erty.js:[2m14:54[22m
[39m
[90m [2mΓ¥»[22m 
Property.run node_modu
les/fast-check/lib/che
ck/property/Property.g
eneric.js:[2m43:33[2
2m[39m
[90m [2mΓ¥»[22m 
runIt node_modules/fas
t-check/lib/check/runn
er/Runner.js:[2m14:30
[22m[39m
[90m [2mΓ¥»[22m 
check node_modules/fas
t-check/lib/check/runn
er/Runner.js:[2m54:11
[22m[39m
[90m [2mΓ¥»[22m 
Module.assert node_mod
ules/fast-check/lib/ch
eck/runner/Runner.js:
[2m57:17[22m[39m
[90m [2mΓ¥»[22m src
/services/storageServi
ce.test.js:[2m76:12[
22m[39m

[31m[2mΓÄ»ΓÄ»ΓÄ»ΓÄ»Γ
Ä»ΓÄ»ΓÄ»ΓÄ»ΓÄ»ΓÄ»ΓÄ»ΓÄ
»ΓÄ»ΓÄ»ΓÄ»ΓÄ»ΓÄ»ΓÄ»ΓÄ»
ΓÄ»ΓÄ»ΓÄ»ΓÄ»ΓÄ»[2/6]ΓÄ
»[22m[39m


[2m Test Files [22m [1m[31m1 failed[39m[22m[90m (1)[39m
[2m      Tests [22m [1m[31m5 failed[39m[22m[90m (5)[39m
[2m   Start at [22m 13:55:18
[2m   Duration [22m 1.64s[2m (transform 53ms, setup 128ms, import 205ms, tests 71ms, environment 993ms)[22m

